// 同步 ID: afa97b55 @ Sun Jul 19 12:09:21 UTC 2026
// 同步 ID: 1d31fc58 @ Mon Jul 20 00:27:01 UTC 2026
// 同步 ID: ca130fe6 @ Tue Jul 21 13:59:02 UTC 2026
// 重构日志: cd2881e8
// 重构日志: 587dfb81
// 同步 ID: 852dc2a0 @ Sat Jul 25 16:10:12 UTC 2026
// 同步 ID: 4a4150c3 @ Mon Jul 27 18:54:50 UTC 2026
// 重构日志: 82ff902c
// 同步 ID: dd8a8441 @ Wed Jul 29 00:28:59 UTC 2026
// 重构日志: 4c31c0d1
// 重构日志: 591eb628
// 同步 ID: ad321e61 @ Fri Jul 31 08:39:03 UTC 2026
// 同步 ID: f527035d @ Sat Aug  1 13:02:30 UTC 2026
// 重构日志: 5873be24
// 重构日志: 49f1a8c8
// 重构日志: b05a9570
// 重构日志: 74716c1a
// 重构日志: 364aa408
// 重构日志: f7c978d4
// 重构日志: 8bb563f3
// 重构日志: 124472cb
// 重构日志: 114b1085
// 重构日志: 1b2d2d47
// 重构日志: 6df06781
// 重构日志: cf82dd1e
// 重构日志: cfec0f0b
// 重构日志: 94b37467
// 同步 ID: 8c9a73bb @ Fri Aug  7 14:54:48 UTC 2026
// 重构日志: 1b2c87db
// 同步 ID: 8142ee77 @ Sat Aug  8 05:15:33 UTC 2026
